// Jest Snapshot v1, https://goo.gl/fbAQLP

exports[`AddWidgetForm renders correctly 1`] = `
<div
  className="col-md-6 col-lg-4 col-xl-3 boxStyle"
>
  <form>
    <div
      className="form-group"
    >
      
      <label>
        SKU:
        <input
          className="form-control"
          name="SKU"
          onChange={[Function]}
          type="text"
          value=""
        />
      </label>
      <label>
        Name:
        <input
          className="form-control"
          name="name"
          onChange={[Function]}
          type="text"
          value=""
        />
      </label>
      <label>
        Description:
        <input
          className="form-control"
          name="description"
          onChange={[Function]}
          type="text"
          value=""
        />
      </label>
      <label>
        Quantity:
        <input
          className="form-control"
          name="quantity"
          onChange={[Function]}
          type="text"
          value=""
        />
      </label>
      <label>
        Price:
        <input
          className="form-control"
          name="price"
          onChange={[Function]}
          type="text"
          value=""
        />
      </label>
      <label>
        Manufacturing Date:
        <div
          className="react-datepicker-wrapper"
        >
          <div
            className="react-datepicker__input-container"
          >
            <input
              className=""
              disabled={false}
              onBlur={[Function]}
              onChange={[Function]}
              onClick={[Function]}
              onFocus={[Function]}
              onKeyDown={[Function]}
              readOnly={false}
              type="text"
              value="05/24/2019"
            />
          </div>
        </div>
      </label>
    </div>
    <div
      className="form-group"
    >
      <button
        aria-label="Add Widget"
        className="btn btn-primary btn-sm"
        onClick={[Function]}
        type="button"
      >
        Add
      </button>
    </div>
  </form>
</div>
`;
